#
# There is insufficient memory for the Java Runtime Environment to continue.
# Native memory allocation (malloc) failed to allocate 5643856 bytes. Error detail: Chunk::new
# Possible reasons:
#   The system is out of physical RAM or swap space
#   This process is running with CompressedOops enabled, and the Java Heap may be blocking the growth of the native heap
# Possible solutions:
#   Reduce memory load on the system
#   Increase physical memory or swap space
#   Check if swap backing store is full
#   Decrease Java heap size (-Xmx/-Xms)
#   Decrease number of Java threads
#   Decrease Java thread stack sizes (-Xss)
#   Set larger code cache with -XX:ReservedCodeCacheSize=
#   JVM is running with Unscaled Compressed Oops mode in which the Java heap is
#     placed in the first 4GB address space. The Java Heap base address is the
#     maximum limit for the native heap growth. Please use -XX:HeapBaseMinAddress
#     to set the Java Heap base and to place the Java Heap above 4GB virtual address.
# This output file may be truncated or incomplete.
#
#  Out of Memory Error (arena.cpp:168), pid=24112, tid=28120
#
# JRE version: OpenJDK Runtime Environment Temurin-21.0.7+6 (21.0.7+6) (build 21.0.7+6-LTS)
# Java VM: OpenJDK 64-Bit Server VM Temurin-21.0.7+6 (21.0.7+6-LTS, mixed mode, sharing, tiered, compressed oops, compressed class ptrs, parallel gc, windows-amd64)
# No core dump will be written. Minidumps are not enabled by default on client versions of Windows
#

---------------  S U M M A R Y ------------

Command Line: --add-modules=ALL-SYSTEM --add-opens=java.base/java.util=ALL-UNNAMED --add-opens=java.base/java.lang=ALL-UNNAMED --add-opens=java.base/sun.nio.fs=ALL-UNNAMED -Declipse.application=org.eclipse.jdt.ls.core.id1 -Dosgi.bundles.defaultStartLevel=4 -Declipse.product=org.eclipse.jdt.ls.core.product -Djava.import.generatesMetadataFilesAtProjectRoot=false -DDetectVMInstallationsJob.disabled=true -Dfile.encoding=utf8 -XX:+UseParallelGC -XX:GCTimeRatio=4 -XX:AdaptiveSizePolicyWeight=90 -Dsun.zip.disableMemoryMapping=true -Xmx2G -Xms100m -Xlog:disable -javaagent:c:\Users\User\.vscode\extensions\redhat.java-1.43.1-win32-x64\lombok\lombok-1.18.39-4050.jar -XX:+HeapDumpOnOutOfMemoryError -XX:HeapDumpPath=c:\Users\User\AppData\Roaming\Code\User\workspaceStorage\ac3c92df0c1896fe47b3fd492016f406\redhat.java -Daether.dependencyCollector.impl=bf c:\Users\User\.vscode\extensions\redhat.java-1.43.1-win32-x64\server\plugins\org.eclipse.equinox.launcher_1.7.0.v20250519-0528.jar -configuration c:\Users\User\AppData\Roaming\Code\User\globalStorage\redhat.java\1.43.1\config_win -data c:\Users\User\AppData\Roaming\Code\User\workspaceStorage\ac3c92df0c1896fe47b3fd492016f406\redhat.java\jdt_ws --pipe=\\.\pipe\lsp-d2d3082e86b132542d438c3f33299943-sock

Host: 12th Gen Intel(R) Core(TM) i7-12650H, 16 cores, 15G,  Windows 11 , 64 bit Build 26100 (10.0.26100.4202)
Time: Sun Jul  6 17:58:31 2025 Sri Lanka Standard Time elapsed time: 53.861105 seconds (0d 0h 0m 53s)

---------------  T H R E A D  ---------------

Current thread (0x0000022506ece040):  JavaThread "C2 CompilerThread1" daemon [_thread_in_native, id=28120, stack(0x000000d44dc00000,0x000000d44dd00000) (1024K)]


Current CompileTask:
C2:53861 9567   !   4       lombok.core.FieldAugment$ReflectionFieldAugment::getAndSet (80 bytes)

Stack: [0x000000d44dc00000,0x000000d44dd00000]
Native frames: (J=compiled Java code, j=interpreted, Vv=VM code, C=native code)
V  [jvm.dll+0x6ce119]
V  [jvm.dll+0x8a84a1]
V  [jvm.dll+0x8aa9ce]
V  [jvm.dll+0x8ab0b3]
V  [jvm.dll+0x27f8a6]
V  [jvm.dll+0xc507d]
V  [jvm.dll+0xc55b3]
V  [jvm.dll+0x3b68f2]
V  [jvm.dll+0x1e0029]
V  [jvm.dll+0x247c42]
V  [jvm.dll+0x2470cf]
V  [jvm.dll+0x1c760e]
V  [jvm.dll+0x25695a]
V  [jvm.dll+0x254efa]
V  [jvm.dll+0x3f03f6]
V  [jvm.dll+0x851f6b]
V  [jvm.dll+0x6cc7dd]
C  [ucrtbase.dll+0x37b0]
C  [KERNEL32.DLL+0x2e8d7]
C  [ntdll.dll+0x3c34c]


---------------  P R O C E S S  ---------------

Threads class SMR info:
_java_thread_list=0x00000225046737c0, length=83, elements={
0x0000022520fce670, 0x0000022537a6e4d0, 0x000002252106f320, 0x0000022521076060,
0x0000022521077060, 0x0000022521082b00, 0x0000022521081600, 0x0000022579e894e0,
0x0000022579e92740, 0x000002252103b700, 0x000002250401fa20, 0x0000022504478b60,
0x0000022504477120, 0x000002250447a5a0, 0x0000022504479f10, 0x00000225044784d0,
0x00000225044777b0, 0x00000225044791f0, 0x0000022504477e40, 0x0000022504d80410,
0x0000022504d7dcb0, 0x0000022504d817c0, 0x0000022504d7f6f0, 0x0000022504d80aa0,
0x0000022504d7f060, 0x0000022504d7fd80, 0x0000022504d7e340, 0x0000022504d81130,
0x0000022504d81e50, 0x0000022504d7e9d0, 0x0000022504d852d0, 0x0000022504d845b0,
0x0000022504d83f20, 0x0000022504d84c40, 0x0000022504d82b70, 0x0000022504d83200,
0x0000022504d83890, 0x0000022504d824e0, 0x00000225084fe240, 0x00000225084fd520,
0x00000225084ffc80, 0x00000225084fdbb0, 0x00000225084fc800, 0x0000022508500310,
0x00000225084ff5f0, 0x00000225084fce90, 0x0000022508503790, 0x0000022508503e20,
0x00000225085009a0, 0x0000022504479880, 0x0000022505192770, 0x00000225051913c0,
0x00000225051920e0, 0x0000022505193b20, 0x0000022505192e00, 0x0000022505191a50,
0x0000022505193490, 0x00000225051941b0, 0x0000022505190d30, 0x0000022505196280,
0x0000022505197cc0, 0x0000022505194ed0, 0x0000022505195bf0, 0x0000022505194840,
0x0000022505195560, 0x0000022505198350, 0x0000022505196910, 0x0000022505196fa0,
0x0000022505197630, 0x00000225047153e0, 0x0000022504713310, 0x0000022504716790,
0x0000022504715a70, 0x0000022504714030, 0x0000022504716100, 0x0000022504716e20,
0x0000022506ece040, 0x00000225047139a0, 0x0000022504717b40, 0x0000022518ff9570,
0x0000022506a0a250, 0x0000022508851fd0, 0x0000022507b55500
}

Java Threads: ( => current thread )
  0x0000022520fce670 JavaThread "main"                              [_thread_blocked, id=26856, stack(0x000000d448000000,0x000000d448100000) (1024K)]
  0x0000022537a6e4d0 JavaThread "Reference Handler"          daemon [_thread_blocked, id=17204, stack(0x000000d448400000,0x000000d448500000) (1024K)]
  0x000002252106f320 JavaThread "Finalizer"                  daemon [_thread_blocked, id=3440, stack(0x000000d448500000,0x000000d448600000) (1024K)]
  0x0000022521076060 JavaThread "Signal Dispatcher"          daemon [_thread_blocked, id=28608, stack(0x000000d448600000,0x000000d448700000) (1024K)]
  0x0000022521077060 JavaThread "Attach Listener"            daemon [_thread_blocked, id=28484, stack(0x000000d448700000,0x000000d448800000) (1024K)]
  0x0000022521082b00 JavaThread "Service Thread"             daemon [_thread_blocked, id=20320, stack(0x000000d448800000,0x000000d448900000) (1024K)]
  0x0000022521081600 JavaThread "Monitor Deflation Thread"   daemon [_thread_blocked, id=12168, stack(0x000000d448900000,0x000000d448a00000) (1024K)]
  0x0000022579e894e0 JavaThread "C2 CompilerThread0"         daemon [_thread_in_native, id=27240, stack(0x000000d448a00000,0x000000d448b00000) (1024K)]
  0x0000022579e92740 JavaThread "C1 CompilerThread0"         daemon [_thread_blocked, id=28628, stack(0x000000d448b00000,0x000000d448c00000) (1024K)]
  0x000002252103b700 JavaThread "Common-Cleaner"             daemon [_thread_blocked, id=10208, stack(0x000000d448c00000,0x000000d448d00000) (1024K)]
  0x000002250401fa20 JavaThread "Notification Thread"        daemon [_thread_blocked, id=27056, stack(0x000000d449100000,0x000000d449200000) (1024K)]
  0x0000022504478b60 JavaThread "Active Thread: Equinox Container: 4afd3f31-2550-4d34-b3da-c0d7cf0522df"        [_thread_blocked, id=3676, stack(0x000000d449a00000,0x000000d449b00000) (1024K)]
  0x0000022504477120 JavaThread "Refresh Thread: Equinox Container: 4afd3f31-2550-4d34-b3da-c0d7cf0522df" daemon [_thread_blocked, id=6544, stack(0x000000d448d00000,0x000000d448e00000) (1024K)]
  0x000002250447a5a0 JavaThread "Framework Event Dispatcher: Equinox Container: 4afd3f31-2550-4d34-b3da-c0d7cf0522df" daemon [_thread_blocked, id=23868, stack(0x000000d448e00000,0x000000d448f00000) (1024K)]
  0x0000022504479f10 JavaThread "Start Level: Equinox Container: 4afd3f31-2550-4d34-b3da-c0d7cf0522df" daemon [_thread_blocked, id=1188, stack(0x000000d448f00000,0x000000d449000000) (1024K)]
  0x00000225044784d0 JavaThread "Bundle File Closer"         daemon [_thread_blocked, id=2540, stack(0x000000d449d00000,0x000000d449e00000) (1024K)]
  0x00000225044777b0 JavaThread "SCR Component Actor"        daemon [_thread_blocked, id=28832, stack(0x000000d449000000,0x000000d449100000) (1024K)]
  0x00000225044791f0 JavaThread "Worker-JM"                         [_thread_blocked, id=29136, stack(0x000000d44a300000,0x000000d44a400000) (1024K)]
  0x0000022504477e40 JavaThread "JNA Cleaner"                daemon [_thread_blocked, id=28704, stack(0x000000d44a200000,0x000000d44a300000) (1024K)]
  0x0000022504d80410 JavaThread "Worker-0: Building"                [_thread_blocked, id=29308, stack(0x000000d44a600000,0x000000d44a700000) (1024K)]
  0x0000022504d7dcb0 JavaThread "Worker-1"                          [_thread_blocked, id=29676, stack(0x000000d44a700000,0x000000d44a800000) (1024K)]
  0x0000022504d817c0 JavaThread "Java indexing"              daemon [_thread_in_Java, id=29472, stack(0x000000d44aa00000,0x000000d44ab00000) (1024K)]
  0x0000022504d7f6f0 JavaThread "Worker-2: Java indexing... "        [_thread_blocked, id=12648, stack(0x000000d44ab00000,0x000000d44ac00000) (1024K)]
  0x0000022504d80aa0 JavaThread "Worker-3"                          [_thread_blocked, id=24268, stack(0x000000d44ae00000,0x000000d44af00000) (1024K)]
  0x0000022504d7f060 JavaThread "Worker-4"                          [_thread_blocked, id=29088, stack(0x000000d44b000000,0x000000d44b100000) (1024K)]
  0x0000022504d7fd80 JavaThread "Thread-2"                   daemon [_thread_in_native, id=29608, stack(0x000000d44b100000,0x000000d44b200000) (1024K)]
  0x0000022504d7e340 JavaThread "Thread-3"                   daemon [_thread_in_native, id=29496, stack(0x000000d44b200000,0x000000d44b300000) (1024K)]
  0x0000022504d81130 JavaThread "Thread-4"                   daemon [_thread_in_native, id=29244, stack(0x000000d44b300000,0x000000d44b400000) (1024K)]
  0x0000022504d81e50 JavaThread "Thread-5"                   daemon [_thread_in_native, id=29632, stack(0x000000d44b400000,0x000000d44b500000) (1024K)]
  0x0000022504d7e9d0 JavaThread "Thread-6"                   daemon [_thread_in_native, id=29512, stack(0x000000d44b500000,0x000000d44b600000) (1024K)]
  0x0000022504d852d0 JavaThread "Thread-7"                   daemon [_thread_in_native, id=28768, stack(0x000000d44b600000,0x000000d44b700000) (1024K)]
  0x0000022504d845b0 JavaThread "Thread-8"                   daemon [_thread_in_native, id=29444, stack(0x000000d44b700000,0x000000d44b800000) (1024K)]
  0x0000022504d83f20 JavaThread "Thread-9"                   daemon [_thread_in_native, id=29412, stack(0x000000d44b800000,0x000000d44b900000) (1024K)]
  0x0000022504d84c40 JavaThread "Thread-10"                  daemon [_thread_in_native, id=28848, stack(0x000000d44b900000,0x000000d44ba00000) (1024K)]
  0x0000022504d82b70 JavaThread "Thread-11"                  daemon [_thread_in_native, id=25884, stack(0x000000d44ba00000,0x000000d44bb00000) (1024K)]
  0x0000022504d83200 JavaThread "Thread-12"                  daemon [_thread_in_native, id=19988, stack(0x000000d44bb00000,0x000000d44bc00000) (1024K)]
  0x0000022504d83890 JavaThread "Thread-13"                  daemon [_thread_in_native, id=29672, stack(0x000000d44bc00000,0x000000d44bd00000) (1024K)]
  0x0000022504d824e0 JavaThread "Thread-14"                  daemon [_thread_in_native, id=27572, stack(0x000000d44bd00000,0x000000d44be00000) (1024K)]
  0x00000225084fe240 JavaThread "Thread-15"                  daemon [_thread_in_native, id=28964, stack(0x000000d44be00000,0x000000d44bf00000) (1024K)]
  0x00000225084fd520 JavaThread "Thread-16"                  daemon [_thread_in_native, id=29284, stack(0x000000d44bf00000,0x000000d44c000000) (1024K)]
  0x00000225084ffc80 JavaThread "Thread-17"                  daemon [_thread_in_native, id=29140, stack(0x000000d44c000000,0x000000d44c100000) (1024K)]
  0x00000225084fdbb0 JavaThread "Thread-18"                  daemon [_thread_in_native, id=29080, stack(0x000000d44c100000,0x000000d44c200000) (1024K)]
  0x00000225084fc800 JavaThread "pool-2-thread-1"                   [_thread_blocked, id=29480, stack(0x000000d44c200000,0x000000d44c300000) (1024K)]
  0x0000022508500310 JavaThread "WorkspaceEventsHandler"            [_thread_blocked, id=25988, stack(0x000000d44c300000,0x000000d44c400000) (1024K)]
  0x00000225084ff5f0 JavaThread "pool-1-thread-1"                   [_thread_blocked, id=25436, stack(0x000000d44c400000,0x000000d44c500000) (1024K)]
  0x00000225084fce90 JavaThread "Worker-5"                          [_thread_blocked, id=29644, stack(0x000000d44c500000,0x000000d44c600000) (1024K)]
  0x0000022508503790 JavaThread "LocalFile Deleter"          daemon [_thread_blocked, id=23736, stack(0x000000d447d00000,0x000000d447e00000) (1024K)]
  0x0000022508503e20 JavaThread "LocalFile Deleter"          daemon [_thread_blocked, id=26448, stack(0x000000d449e00000,0x000000d449f00000) (1024K)]
  0x00000225085009a0 JavaThread "LocalFile Deleter"          daemon [_thread_blocked, id=11524, stack(0x000000d449f00000,0x000000d44a000000) (1024K)]
  0x0000022504479880 JavaThread "LocalFile Deleter"          daemon [_thread_blocked, id=7212, stack(0x000000d44a000000,0x000000d44a100000) (1024K)]
  0x0000022505192770 JavaThread "LocalFile Deleter"          daemon [_thread_blocked, id=4228, stack(0x000000d44a400000,0x000000d44a500000) (1024K)]
  0x00000225051913c0 JavaThread "LocalFile Deleter"          daemon [_thread_blocked, id=20312, stack(0x000000d44a800000,0x000000d44a900000) (1024K)]
  0x00000225051920e0 JavaThread "LocalFile Deleter"          daemon [_thread_blocked, id=27552, stack(0x000000d44a900000,0x000000d44aa00000) (1024K)]
  0x0000022505193b20 JavaThread "LocalFile Deleter"          daemon [_thread_blocked, id=27544, stack(0x000000d44af00000,0x000000d44b000000) (1024K)]
  0x0000022505192e00 JavaThread "LocalFile Deleter"          daemon [_thread_blocked, id=24404, stack(0x000000d44c600000,0x000000d44c700000) (1024K)]
  0x0000022505191a50 JavaThread "LocalFile Deleter"          daemon [_thread_blocked, id=4704, stack(0x000000d44c700000,0x000000d44c800000) (1024K)]
  0x0000022505193490 JavaThread "LocalFile Deleter"          daemon [_thread_blocked, id=7128, stack(0x000000d44c800000,0x000000d44c900000) (1024K)]
  0x00000225051941b0 JavaThread "LocalFile Deleter"          daemon [_thread_blocked, id=25816, stack(0x000000d44c900000,0x000000d44ca00000) (1024K)]
  0x0000022505190d30 JavaThread "LocalFile Deleter"          daemon [_thread_blocked, id=20912, stack(0x000000d44ca00000,0x000000d44cb00000) (1024K)]
  0x0000022505196280 JavaThread "LocalFile Deleter"          daemon [_thread_blocked, id=9856, stack(0x000000d44cb00000,0x000000d44cc00000) (1024K)]
  0x0000022505197cc0 JavaThread "LocalFile Deleter"          daemon [_thread_blocked, id=15508, stack(0x000000d44cc00000,0x000000d44cd00000) (1024K)]
  0x0000022505194ed0 JavaThread "LocalFile Deleter"          daemon [_thread_blocked, id=22192, stack(0x000000d44cd00000,0x000000d44ce00000) (1024K)]
  0x0000022505195bf0 JavaThread "Compiler Source File Reader" daemon [_thread_blocked, id=27452, stack(0x000000d44ce00000,0x000000d44cf00000) (1024K)]
  0x0000022505194840 JavaThread "Compiler Source File Reader" daemon [_thread_blocked, id=27456, stack(0x000000d44cf00000,0x000000d44d000000) (1024K)]
  0x0000022505195560 JavaThread "Compiler Source File Reader" daemon [_thread_blocked, id=2532, stack(0x000000d44d000000,0x000000d44d100000) (1024K)]
  0x0000022505198350 JavaThread "Compiler Source File Reader" daemon [_thread_blocked, id=5976, stack(0x000000d44d100000,0x000000d44d200000) (1024K)]
  0x0000022505196910 JavaThread "Compiler Source File Reader" daemon [_thread_blocked, id=11960, stack(0x000000d44d200000,0x000000d44d300000) (1024K)]
  0x0000022505196fa0 JavaThread "Compiler Source File Reader" daemon [_thread_blocked, id=19448, stack(0x000000d44d300000,0x000000d44d400000) (1024K)]
  0x0000022505197630 JavaThread "Compiler Source File Reader" daemon [_thread_blocked, id=5000, stack(0x000000d44d400000,0x000000d44d500000) (1024K)]
  0x00000225047153e0 JavaThread "Compiler Source File Reader" daemon [_thread_blocked, id=25628, stack(0x000000d44d500000,0x000000d44d600000) (1024K)]
  0x0000022504713310 JavaThread "Compiler Source File Reader" daemon [_thread_blocked, id=6712, stack(0x000000d44d600000,0x000000d44d700000) (1024K)]
  0x0000022504716790 JavaThread "Compiler Source File Reader" daemon [_thread_blocked, id=3524, stack(0x000000d44d700000,0x000000d44d800000) (1024K)]
  0x0000022504715a70 JavaThread "Compiler Source File Reader" daemon [_thread_blocked, id=13828, stack(0x000000d44d800000,0x000000d44d900000) (1024K)]
  0x0000022504714030 JavaThread "Compiler Source File Reader" daemon [_thread_blocked, id=28960, stack(0x000000d44d900000,0x000000d44da00000) (1024K)]
  0x0000022504716100 JavaThread "Compiler Source File Reader" daemon [_thread_blocked, id=19364, stack(0x000000d44da00000,0x000000d44db00000) (1024K)]
  0x0000022504716e20 JavaThread "Compiler Source File Reader" daemon [_thread_blocked, id=6760, stack(0x000000d44db00000,0x000000d44dc00000) (1024K)]
=>0x0000022506ece040 JavaThread "C2 CompilerThread1"         daemon [_thread_in_native, id=28120, stack(0x000000d44dc00000,0x000000d44dd00000) (1024K)]
  0x00000225047139a0 JavaThread "Compiler Processing Task"   daemon [_thread_in_vm, id=2360, stack(0x000000d44e000000,0x000000d44e100000) (1024K)]
  0x0000022504717b40 JavaThread "Compiler Class File Writer" daemon [_thread_blocked, id=17492, stack(0x000000d44de00000,0x000000d44df00000) (1024K)]
  0x0000022518ff9570 JavaThread "C2 CompilerThread2"         daemon [_thread_in_native, id=23920, stack(0x000000d44df00000,0x000000d44e000000) (1024K)]
  0x0000022506a0a250 JavaThread "C2 CompilerThread3"         daemon [_thread_in_native, id=25420, stack(0x000000d44e100000,0x000000d44e200000) (1024K)]
  0x0000022508851fd0 JavaThread "C2 CompilerThread4"         daemon [_thread_in_native, id=11348, stack(0x000000d44e200000,0x000000d44e300000) (1024K)]
  0x0000022507b55500 JavaThread "C2 CompilerThread5"         daemon [_thread_in_native, id=4844, stack(0x000000d44dd00000,0x000000d44de00000) (1024K)]
Total: 83

Other Threads:
  0x0000022537a54120 VMThread "VM Thread"                           [id=25768, stack(0x000000d448300000,0x000000d448400000) (1024K)]
  0x000002253794ca00 WatcherThread "VM Periodic Task Thread"        [id=28612, stack(0x000000d448200000,0x000000d448300000) (1024K)]
  0x0000022520feca40 WorkerThread "GC Thread#0"                     [id=28528, stack(0x000000d448100000,0x000000d448200000) (1024K)]
  0x0000022504a2a010 WorkerThread "GC Thread#1"                     [id=26988, stack(0x000000d449300000,0x000000d449400000) (1024K)]
  0x0000022504a2a3b0 WorkerThread "GC Thread#2"                     [id=28456, stack(0x000000d449400000,0x000000d449500000) (1024K)]
  0x0000022504894140 WorkerThread "GC Thread#3"                     [id=6008, stack(0x000000d449500000,0x000000d449600000) (1024K)]
  0x00000225048944e0 WorkerThread "GC Thread#4"                     [id=23452, stack(0x000000d449600000,0x000000d449700000) (1024K)]
  0x000002250483fd60 WorkerThread "GC Thread#5"                     [id=27464, stack(0x000000d449700000,0x000000d449800000) (1024K)]
  0x0000022504840100 WorkerThread "GC Thread#6"                     [id=28532, stack(0x000000d449800000,0x000000d449900000) (1024K)]
  0x00000225049fa350 WorkerThread "GC Thread#7"                     [id=448, stack(0x000000d449b00000,0x000000d449c00000) (1024K)]
  0x000002257a00ca10 WorkerThread "GC Thread#8"                     [id=2448, stack(0x000000d449200000,0x000000d449300000) (1024K)]
  0x0000022579f06fd0 WorkerThread "GC Thread#9"                     [id=5300, stack(0x000000d449900000,0x000000d449a00000) (1024K)]
  0x00000225041c1d80 WorkerThread "GC Thread#10"                    [id=25324, stack(0x000000d449c00000,0x000000d449d00000) (1024K)]
  0x00000225046dcf90 WorkerThread "GC Thread#11"                    [id=29032, stack(0x000000d44a100000,0x000000d44a200000) (1024K)]
  0x00000225046dc850 WorkerThread "GC Thread#12"                    [id=516, stack(0x000000d44a500000,0x000000d44a600000) (1024K)]
Total: 15

Threads with active compile tasks:
C2 CompilerThread0  53934 9568       4       lombok.eclipse.handlers.EclipseHandlerUtil::setGeneratedBy (10 bytes)
C2 CompilerThread1  53934 9567   !   4       lombok.core.FieldAugment$ReflectionFieldAugment::getAndSet (80 bytes)
C2 CompilerThread2  53934 10312       4       org.eclipse.jdt.internal.core.builder.NameEnvironment::findClass (486 bytes)
C2 CompilerThread3  53934 9834       4       java.util.ImmutableCollections$SetN::contains (26 bytes)
C2 CompilerThread4  53934 10449       4       org.eclipse.jdt.internal.compiler.parser.Scanner::internalScanIdentifierOrKeyword (5041 bytes)
C2 CompilerThread5  53934 9988   !   4       org.eclipse.jdt.internal.core.builder.ClasspathMultiReleaseJar::findClass (219 bytes)
Total: 6

VM state: not at safepoint (normal execution)

VM Mutex/Monitor currently owned by a thread: None

Heap address: 0x0000000080000000, size: 2048 MB, Compressed Oops mode: 32-bit

CDS archive(s) mapped at: [0x0000022538000000-0x0000022538ba0000-0x0000022538ba0000), size 12189696, SharedBaseAddress: 0x0000022538000000, ArchiveRelocationMode: 1.
Compressed class space mapped at: 0x0000022539000000-0x0000022579000000, reserved size: 1073741824
Narrow klass base: 0x0000022538000000, Narrow klass shift: 0, Narrow klass range: 0x100000000

GC Precious Log:
 CardTable entry size: 512
 CPUs: 16 total, 16 available
 Memory: 16006M
 Large Page Support: Disabled
 NUMA Support: Disabled
 Compressed Oops: Enabled (32-bit)
 Alignments: Space 512K, Generation 512K, Heap 2M
 Heap Min Capacity: 100M
 Heap Initial Capacity: 100M
 Heap Max Capacity: 2G
 Pre-touch: Disabled
 Parallel Workers: 13

Heap:
 PSYoungGen      total 5632K, used 2148K [0x00000000d5580000, 0x00000000d5c00000, 0x0000000100000000)
  eden space 4608K, 35% used [0x00000000d5580000,0x00000000d5719120,0x00000000d5a00000)
  from space 1024K, 50% used [0x00000000d5b00000,0x00000000d5b80000,0x00000000d5c00000)
  to   space 1024K, 0% used [0x00000000d5a00000,0x00000000d5a00000,0x00000000d5b00000)
 ParOldGen       total 527872K, used 527793K [0x0000000080000000, 0x00000000a0380000, 0x00000000d5580000)
  object space 527872K, 99% used [0x0000000080000000,0x00000000a036c540,0x00000000a0380000)
 Metaspace       used 57147K, committed 58560K, reserved 1114112K
  class space    used 5886K, committed 6528K, reserved 1048576K

Card table byte_map: [0x0000022520970000,0x0000022520d80000] _byte_map_base: 0x0000022520570000

Marking Bits: (ParMarkBitMap*) 0x00007ff8c0d531f0
 Begin Bits: [0x0000022533470000, 0x0000022535470000)
 End Bits:   [0x0000022535470000, 0x0000022537470000)

Polling page: 0x000002251ee90000

Metaspace:

Usage:
  Non-class:     50.06 MB used.
      Class:      5.75 MB used.
       Both:     55.81 MB used.

Virtual space:
  Non-class space:       64.00 MB reserved,      50.81 MB ( 79%) committed,  1 nodes.
      Class space:        1.00 GB reserved,       6.38 MB ( <1%) committed,  1 nodes.
             Both:        1.06 GB reserved,      57.19 MB (  5%) committed. 

Chunk freelists:
   Non-Class:  13.08 MB
       Class:  9.66 MB
        Both:  22.74 MB

MaxMetaspaceSize: unlimited
CompressedClassSpaceSize: 1.00 GB
Initial GC threshold: 21.00 MB
Current GC threshold: 58.38 MB
CDS: on
 - commit_granule_bytes: 65536.
 - commit_granule_words: 8192.
 - virtual_space_node_default_size: 8388608.
 - enlarge_chunks_in_place: 1.
 - use_allocation_guard: 0.


Internal statistics:

num_allocs_failed_limit: 6.
num_arena_births: 1144.
num_arena_deaths: 14.
num_vsnodes_births: 2.
num_vsnodes_deaths: 0.
num_space_committed: 915.
num_space_uncommitted: 0.
num_chunks_returned_to_freelist: 20.
num_chunks_taken_from_freelist: 3868.
num_chunk_merges: 7.
num_chunk_splits: 2347.
num_chunks_enlarged: 1273.
num_inconsistent_stats: 0.

CodeHeap 'non-profiled nmethods': size=119168Kb used=8347Kb max_used=8347Kb free=110820Kb
 bounds [0x000002252bd60000, 0x000002252c590000, 0x00000225331c0000]
CodeHeap 'profiled nmethods': size=119104Kb used=22900Kb max_used=22900Kb free=96203Kb
 bounds [0x00000225241c0000, 0x0000022525820000, 0x000002252b610000]
CodeHeap 'non-nmethods': size=7488Kb used=1522Kb max_used=3191Kb free=5965Kb
 bounds [0x000002252b610000, 0x000002252b950000, 0x000002252bd60000]
 total_blobs=10524 nmethods=9797 adapters=630
 compilation: enabled
              stopped_count=0, restarted_count=0
 full_count=0

Compilation events (20 events):
Event: 51.624 Thread 0x0000022518ff9570 nmethod 9786 0x000002252c579210 code [0x000002252c5793c0, 0x000002252c579a70]
Event: 51.624 Thread 0x0000022518ff9570 10156       4       org.eclipse.jdt.internal.compiler.util.SortedCharArrays::compareCharArray (50 bytes)
Event: 51.629 Thread 0x0000022518ff9570 nmethod 10156 0x000002252c579c90 code [0x000002252c579e20, 0x000002252c579f80]
Event: 51.629 Thread 0x0000022518ff9570 10055       4       org.eclipse.jdt.internal.compiler.util.CharArrayMap::get (38 bytes)
Event: 52.648 Thread 0x0000022518ff9570 nmethod 10055 0x000002252c57a090 code [0x000002252c57a220, 0x000002252c57a438]
Event: 52.652 Thread 0x0000022506a0a250 10058       4       org.eclipse.jdt.core.compiler.CharOperation::splitOn (159 bytes)
Event: 52.652 Thread 0x0000022508851fd0 10379       4       java.util.Arrays::binarySearch0 (95 bytes)
Event: 52.654 Thread 0x0000022518ff9570 10312       4       org.eclipse.jdt.internal.core.builder.NameEnvironment::findClass (486 bytes)
Event: 52.713 Thread 0x0000022508851fd0 nmethod 10379 0x000002252c57a510 code [0x000002252c57a700, 0x000002252c57ae40]
Event: 52.713 Thread 0x0000022508851fd0 10370       4       org.eclipse.jdt.internal.compiler.util.SortedCharArrays::compareCharCharArray (52 bytes)
Event: 52.726 Thread 0x0000022508851fd0 nmethod 10370 0x000002252c57b290 code [0x000002252c57b420, 0x000002252c57b640]
Event: 52.726 Thread 0x0000022508851fd0 9698       4       lombok.eclipse.EclipseAST::traverseChildren (41 bytes)
Event: 52.730 Thread 0x0000022508851fd0 nmethod 9698 0x000002252c57b790 code [0x000002252c57b940, 0x000002252c57bb30]
Event: 52.730 Thread 0x0000022508851fd0 10405       4       org.eclipse.jdt.internal.compiler.lookup.LookupEnvironment::getCachedType0 (112 bytes)
Event: 52.732 Thread 0x0000022506a0a250 nmethod 10058 0x000002252c57bd90 code [0x000002252c57bf80, 0x000002252c57cd58]
Event: 52.732 Thread 0x0000022506a0a250 9715       4       lombok.core.LombokNode::<init> (100 bytes)
Event: 52.758 Thread 0x0000022506a0a250 nmethod 9715 0x000002252c57d190 code [0x000002252c57d380, 0x000002252c57dbe0]
Event: 52.759 Thread 0x0000022506a0a250 9714       4       lombok.eclipse.handlers.EclipseHandlerUtil::getAccessorsForField (160 bytes)
Event: 52.838 Thread 0x0000022508851fd0 nmethod 10405 0x000002252c57e110 code [0x000002252c57e4e0, 0x000002252c5808b0]
Event: 52.846 Thread 0x0000022508851fd0 9822       4       org.eclipse.jdt.internal.compiler.parser.Scanner::scanIdentifierOrKeyword (277 bytes)

GC Heap History (20 events):
Event: 50.354 GC heap after
{Heap after GC invocations=612 (full 2):
 PSYoungGen      total 4608K, used 640K [0x00000000d5580000, 0x00000000d5b00000, 0x0000000100000000)
  eden space 3584K, 0% used [0x00000000d5580000,0x00000000d5580000,0x00000000d5900000)
  from space 1024K, 62% used [0x00000000d5a00000,0x00000000d5aa0000,0x00000000d5b00000)
  to   space 1024K, 0% used [0x00000000d5900000,0x00000000d5900000,0x00000000d5a00000)
 ParOldGen       total 523776K, used 523748K [0x0000000080000000, 0x000000009ff80000, 0x00000000d5580000)
  object space 523776K, 99% used [0x0000000080000000,0x000000009ff791a0,0x000000009ff80000)
 Metaspace       used 56579K, committed 57920K, reserved 1114112K
  class space    used 5809K, committed 6400K, reserved 1048576K
}
Event: 50.375 GC heap before
{Heap before GC invocations=613 (full 2):
 PSYoungGen      total 4608K, used 4224K [0x00000000d5580000, 0x00000000d5b00000, 0x0000000100000000)
  eden space 3584K, 100% used [0x00000000d5580000,0x00000000d5900000,0x00000000d5900000)
  from space 1024K, 62% used [0x00000000d5a00000,0x00000000d5aa0000,0x00000000d5b00000)
  to   space 1024K, 0% used [0x00000000d5900000,0x00000000d5900000,0x00000000d5a00000)
 ParOldGen       total 523776K, used 523748K [0x0000000080000000, 0x000000009ff80000, 0x00000000d5580000)
  object space 523776K, 99% used [0x0000000080000000,0x000000009ff791a0,0x000000009ff80000)
 Metaspace       used 56613K, committed 57920K, reserved 1114112K
  class space    used 5814K, committed 6400K, reserved 1048576K
}
Event: 50.378 GC heap after
{Heap after GC invocations=613 (full 2):
 PSYoungGen      total 4608K, used 512K [0x00000000d5580000, 0x00000000d5b00000, 0x0000000100000000)
  eden space 3584K, 0% used [0x00000000d5580000,0x00000000d5580000,0x00000000d5900000)
  from space 1024K, 50% used [0x00000000d5900000,0x00000000d5980000,0x00000000d5a00000)
  to   space 1024K, 0% used [0x00000000d5a00000,0x00000000d5a00000,0x00000000d5b00000)
 ParOldGen       total 524288K, used 524076K [0x0000000080000000, 0x00000000a0000000, 0x00000000d5580000)
  object space 524288K, 99% used [0x0000000080000000,0x000000009ffcb1a0,0x00000000a0000000)
 Metaspace       used 56613K, committed 57920K, reserved 1114112K
  class space    used 5814K, committed 6400K, reserved 1048576K
}
Event: 50.415 GC heap before
{Heap before GC invocations=614 (full 2):
 PSYoungGen      total 4608K, used 4096K [0x00000000d5580000, 0x00000000d5b00000, 0x0000000100000000)
  eden space 3584K, 100% used [0x00000000d5580000,0x00000000d5900000,0x00000000d5900000)
  from space 1024K, 50% used [0x00000000d5900000,0x00000000d5980000,0x00000000d5a00000)
  to   space 1024K, 0% used [0x00000000d5a00000,0x00000000d5a00000,0x00000000d5b00000)
 ParOldGen       total 524288K, used 524076K [0x0000000080000000, 0x00000000a0000000, 0x00000000d5580000)
  object space 524288K, 99% used [0x0000000080000000,0x000000009ffcb1a0,0x00000000a0000000)
 Metaspace       used 56665K, committed 58048K, reserved 1114112K
  class space    used 5819K, committed 6464K, reserved 1048576K
}
Event: 50.418 GC heap after
{Heap after GC invocations=614 (full 2):
 PSYoungGen      total 4608K, used 908K [0x00000000d5580000, 0x00000000d5b00000, 0x0000000100000000)
  eden space 3584K, 0% used [0x00000000d5580000,0x00000000d5580000,0x00000000d5900000)
  from space 1024K, 88% used [0x00000000d5a00000,0x00000000d5ae3028,0x00000000d5b00000)
  to   space 1024K, 0% used [0x00000000d5900000,0x00000000d5900000,0x00000000d5a00000)
 ParOldGen       total 524800K, used 524396K [0x0000000080000000, 0x00000000a0080000, 0x00000000d5580000)
  object space 524800K, 99% used [0x0000000080000000,0x00000000a001b1a0,0x00000000a0080000)
 Metaspace       used 56665K, committed 58048K, reserved 1114112K
  class space    used 5819K, committed 6464K, reserved 1048576K
}
Event: 50.453 GC heap before
{Heap before GC invocations=615 (full 2):
 PSYoungGen      total 4608K, used 4492K [0x00000000d5580000, 0x00000000d5b00000, 0x0000000100000000)
  eden space 3584K, 100% used [0x00000000d5580000,0x00000000d5900000,0x00000000d5900000)
  from space 1024K, 88% used [0x00000000d5a00000,0x00000000d5ae3028,0x00000000d5b00000)
  to   space 1024K, 0% used [0x00000000d5900000,0x00000000d5900000,0x00000000d5a00000)
 ParOldGen       total 524800K, used 524396K [0x0000000080000000, 0x00000000a0080000, 0x00000000d5580000)
  object space 524800K, 99% used [0x0000000080000000,0x00000000a001b1a0,0x00000000a0080000)
 Metaspace       used 56714K, committed 58112K, reserved 1114112K
  class space    used 5825K, committed 6464K, reserved 1048576K
}
Event: 50.457 GC heap after
{Heap after GC invocations=615 (full 2):
 PSYoungGen      total 4608K, used 512K [0x00000000d5580000, 0x00000000d5b00000, 0x0000000100000000)
  eden space 3584K, 0% used [0x00000000d5580000,0x00000000d5580000,0x00000000d5900000)
  from space 1024K, 50% used [0x00000000d5900000,0x00000000d5980000,0x00000000d5a00000)
  to   space 1024K, 0% used [0x00000000d5a00000,0x00000000d5a00000,0x00000000d5b00000)
 ParOldGen       total 525312K, used 525023K [0x0000000080000000, 0x00000000a0100000, 0x00000000d5580000)
  object space 525312K, 99% used [0x0000000080000000,0x00000000a00b7cd0,0x00000000a0100000)
 Metaspace       used 56714K, committed 58112K, reserved 1114112K
  class space    used 5825K, committed 6464K, reserved 1048576K
}
Event: 50.495 GC heap before
{Heap before GC invocations=616 (full 2):
 PSYoungGen      total 4608K, used 4096K [0x00000000d5580000, 0x00000000d5b00000, 0x0000000100000000)
  eden space 3584K, 100% used [0x00000000d5580000,0x00000000d5900000,0x00000000d5900000)
  from space 1024K, 50% used [0x00000000d5900000,0x00000000d5980000,0x00000000d5a00000)
  to   space 1024K, 0% used [0x00000000d5a00000,0x00000000d5a00000,0x00000000d5b00000)
 ParOldGen       total 525312K, used 525023K [0x0000000080000000, 0x00000000a0100000, 0x00000000d5580000)
  object space 525312K, 99% used [0x0000000080000000,0x00000000a00b7cd0,0x00000000a0100000)
 Metaspace       used 56820K, committed 58176K, reserved 1114112K
  class space    used 5836K, committed 6464K, reserved 1048576K
}
Event: 50.498 GC heap after
{Heap after GC invocations=616 (full 2):
 PSYoungGen      total 4608K, used 544K [0x00000000d5580000, 0x00000000d5b00000, 0x0000000100000000)
  eden space 3584K, 0% used [0x00000000d5580000,0x00000000d5580000,0x00000000d5900000)
  from space 1024K, 53% used [0x00000000d5a00000,0x00000000d5a88000,0x00000000d5b00000)
  to   space 1024K, 0% used [0x00000000d5900000,0x00000000d5900000,0x00000000d5a00000)
 ParOldGen       total 525824K, used 525399K [0x0000000080000000, 0x00000000a0180000, 0x00000000d5580000)
  object space 525824K, 99% used [0x0000000080000000,0x00000000a0115cd0,0x00000000a0180000)
 Metaspace       used 56820K, committed 58176K, reserved 1114112K
  class space    used 5836K, committed 6464K, reserved 1048576K
}
Event: 50.519 GC heap before
{Heap before GC invocations=617 (full 2):
 PSYoungGen      total 4608K, used 4124K [0x00000000d5580000, 0x00000000d5b00000, 0x0000000100000000)
  eden space 3584K, 99% used [0x00000000d5580000,0x00000000d58ff3c8,0x00000000d5900000)
  from space 1024K, 53% used [0x00000000d5a00000,0x00000000d5a88000,0x00000000d5b00000)
  to   space 1024K, 0% used [0x00000000d5900000,0x00000000d5900000,0x00000000d5a00000)
 ParOldGen       total 525824K, used 525399K [0x0000000080000000, 0x00000000a0180000, 0x00000000d5580000)
  object space 525824K, 99% used [0x0000000080000000,0x00000000a0115cd0,0x00000000a0180000)
 Metaspace       used 56941K, committed 58304K, reserved 1114112K
  class space    used 5848K, committed 6464K, reserved 1048576K
}
Event: 50.522 GC heap after
{Heap after GC invocations=617 (full 2):
 PSYoungGen      total 4608K, used 544K [0x00000000d5580000, 0x00000000d5b00000, 0x0000000100000000)
  eden space 3584K, 0% used [0x00000000d5580000,0x00000000d5580000,0x00000000d5900000)
  from space 1024K, 53% used [0x00000000d5900000,0x00000000d5988000,0x00000000d5a00000)
  to   space 1024K, 0% used [0x00000000d5a00000,0x00000000d5a00000,0x00000000d5b00000)
 ParOldGen       total 525824K, used 525807K [0x0000000080000000, 0x00000000a0180000, 0x00000000d5580000)
  object space 525824K, 99% used [0x0000000080000000,0x00000000a017bcd0,0x00000000a0180000)
 Metaspace       used 56941K, committed 58304K, reserved 1114112K
  class space    used 5848K, committed 6464K, reserved 1048576K
}
Event: 51.557 GC heap before
{Heap before GC invocations=618 (full 2):
 PSYoungGen      total 4608K, used 4128K [0x00000000d5580000, 0x00000000d5b00000, 0x0000000100000000)
  eden space 3584K, 100% used [0x00000000d5580000,0x00000000d5900000,0x00000000d5900000)
  from space 1024K, 53% used [0x00000000d5900000,0x00000000d5988000,0x00000000d5a00000)
  to   space 1024K, 0% used [0x00000000d5a00000,0x00000000d5a00000,0x00000000d5b00000)
 ParOldGen       total 525824K, used 525807K [0x0000000080000000, 0x00000000a0180000, 0x00000000d5580000)
  object space 525824K, 99% used [0x0000000080000000,0x00000000a017bcd0,0x00000000a0180000)
 Metaspace       used 56970K, committed 58304K, reserved 1114112K
  class space    used 5858K, committed 6464K, reserved 1048576K
}
Event: 51.562 GC heap after
{Heap after GC invocations=618 (full 2):
 PSYoungGen      total 4608K, used 640K [0x00000000d5580000, 0x00000000d5b00000, 0x0000000100000000)
  eden space 3584K, 0% used [0x00000000d5580000,0x00000000d5580000,0x00000000d5900000)
  from space 1024K, 62% used [0x00000000d5a00000,0x00000000d5aa0000,0x00000000d5b00000)
  to   space 1024K, 0% used [0x00000000d5900000,0x00000000d5900000,0x00000000d5a00000)
 ParOldGen       total 526336K, used 526167K [0x0000000080000000, 0x00000000a0200000, 0x00000000d5580000)
  object space 526336K, 99% used [0x0000000080000000,0x00000000a01d5cd0,0x00000000a0200000)
 Metaspace       used 56970K, committed 58304K, reserved 1114112K
  class space    used 5858K, committed 6464K, reserved 1048576K
}
Event: 51.620 GC heap before
{Heap before GC invocations=619 (full 2):
 PSYoungGen      total 4608K, used 4217K [0x00000000d5580000, 0x00000000d5b00000, 0x0000000100000000)
  eden space 3584K, 99% used [0x00000000d5580000,0x00000000d58fe5e0,0x00000000d5900000)
  from space 1024K, 62% used [0x00000000d5a00000,0x00000000d5aa0000,0x00000000d5b00000)
  to   space 1024K, 0% used [0x00000000d5900000,0x00000000d5900000,0x00000000d5a00000)
 ParOldGen       total 526336K, used 526167K [0x0000000080000000, 0x00000000a0200000, 0x00000000d5580000)
  object space 526336K, 99% used [0x0000000080000000,0x00000000a01d5cd0,0x00000000a0200000)
 Metaspace       used 57074K, committed 58496K, reserved 1114112K
  class space    used 5880K, committed 6528K, reserved 1048576K
}
Event: 51.623 GC heap after
{Heap after GC invocations=619 (full 2):
 PSYoungGen      total 4608K, used 760K [0x00000000d5580000, 0x00000000d5b00000, 0x0000000100000000)
  eden space 3584K, 0% used [0x00000000d5580000,0x00000000d5580000,0x00000000d5900000)
  from space 1024K, 74% used [0x00000000d5900000,0x00000000d59be140,0x00000000d5a00000)
  to   space 1024K, 0% used [0x00000000d5a00000,0x00000000d5a00000,0x00000000d5b00000)
 ParOldGen       total 526848K, used 526567K [0x0000000080000000, 0x00000000a0280000, 0x00000000d5580000)
  object space 526848K, 99% used [0x0000000080000000,0x00000000a0239cd0,0x00000000a0280000)
 Metaspace       used 57074K, committed 58496K, reserved 1114112K
  class space    used 5880K, committed 6528K, reserved 1048576K
}
Event: 51.643 GC heap before
{Heap before GC invocations=620 (full 2):
 PSYoungGen      total 4608K, used 4344K [0x00000000d5580000, 0x00000000d5b00000, 0x0000000100000000)
  eden space 3584K, 100% used [0x00000000d5580000,0x00000000d5900000,0x00000000d5900000)
  from space 1024K, 74% used [0x00000000d5900000,0x00000000d59be140,0x00000000d5a00000)
  to   space 1024K, 0% used [0x00000000d5a00000,0x00000000d5a00000,0x00000000d5b00000)
 ParOldGen       total 526848K, used 526567K [0x0000000080000000, 0x00000000a0280000, 0x00000000d5580000)
  object space 526848K, 99% used [0x0000000080000000,0x00000000a0239cd0,0x00000000a0280000)
 Metaspace       used 57124K, committed 58560K, reserved 1114112K
  class space    used 5882K, committed 6528K, reserved 1048576K
}
Event: 52.647 GC heap after
{Heap after GC invocations=620 (full 2):
 PSYoungGen      total 4608K, used 640K [0x00000000d5580000, 0x00000000d5c00000, 0x0000000100000000)
  eden space 3584K, 0% used [0x00000000d5580000,0x00000000d5580000,0x00000000d5900000)
  from space 1024K, 62% used [0x00000000d5a00000,0x00000000d5aa0000,0x00000000d5b00000)
  to   space 1024K, 0% used [0x00000000d5900000,0x00000000d5900000,0x00000000d5a00000)
 ParOldGen       total 527360K, used 526983K [0x0000000080000000, 0x00000000a0300000, 0x00000000d5580000)
  object space 527360K, 99% used [0x0000000080000000,0x00000000a02a1cd0,0x00000000a0300000)
 Metaspace       used 57124K, committed 58560K, reserved 1114112K
  class space    used 5882K, committed 6528K, reserved 1048576K
}
Event: 52.913 GC heap before
{Heap before GC invocations=621 (full 2):
 PSYoungGen      total 4608K, used 4224K [0x00000000d5580000, 0x00000000d5c00000, 0x0000000100000000)
  eden space 3584K, 100% used [0x00000000d5580000,0x00000000d5900000,0x00000000d5900000)
  from space 1024K, 62% used [0x00000000d5a00000,0x00000000d5aa0000,0x00000000d5b00000)
  to   space 1024K, 0% used [0x00000000d5900000,0x00000000d5900000,0x00000000d5a00000)
 ParOldGen       total 527360K, used 526983K [0x0000000080000000, 0x00000000a0300000, 0x00000000d5580000)
  object space 527360K, 99% used [0x0000000080000000,0x00000000a02a1cd0,0x00000000a0300000)
 Metaspace       used 57138K, committed 58560K, reserved 1114112K
  class space    used 5884K, committed 6528K, reserved 1048576K
}
Event: 52.915 GC heap after
{Heap after GC invocations=621 (full 2):
 PSYoungGen      total 4608K, used 544K [0x00000000d5580000, 0x00000000d5c00000, 0x0000000100000000)
  eden space 3584K, 0% used [0x00000000d5580000,0x00000000d5580000,0x00000000d5900000)
  from space 1024K, 53% used [0x00000000d5900000,0x00000000d5988000,0x00000000d5a00000)
  to   space 1024K, 0% used [0x00000000d5b00000,0x00000000d5b00000,0x00000000d5c00000)
 ParOldGen       total 527360K, used 527359K [0x0000000080000000, 0x00000000a0300000, 0x00000000d5580000)
  object space 527360K, 99% used [0x0000000080000000,0x00000000a02ffcd0,0x00000000a0300000)
 Metaspace       used 57138K, committed 58560K, reserved 1114112K
  class space    used 5884K, committed 6528K, reserved 1048576K
}
Event: 52.925 GC heap before
{Heap before GC invocations=622 (full 2):
 PSYoungGen      total 4608K, used 4128K [0x00000000d5580000, 0x00000000d5c00000, 0x0000000100000000)
  eden space 3584K, 100% used [0x00000000d5580000,0x00000000d5900000,0x00000000d5900000)
  from space 1024K, 53% used [0x00000000d5900000,0x00000000d5988000,0x00000000d5a00000)
  to   space 1024K, 0% used [0x00000000d5b00000,0x00000000d5b00000,0x00000000d5c00000)
 ParOldGen       total 527360K, used 527359K [0x0000000080000000, 0x00000000a0300000, 0x00000000d5580000)
  object space 527360K, 99% used [0x0000000080000000,0x00000000a02ffcd0,0x00000000a0300000)
 Metaspace       used 57138K, committed 58560K, reserved 1114112K
  class space    used 5884K, committed 6528K, reserved 1048576K
}

Dll operation events (10 events):
Event: 0.011 Loaded shared library c:\Users\User\.vscode\extensions\redhat.java-1.43.1-win32-x64\jre\21.0.7-win32-x86_64\bin\java.dll
Event: 0.072 Loaded shared library c:\Users\User\.vscode\extensions\redhat.java-1.43.1-win32-x64\jre\21.0.7-win32-x86_64\bin\zip.dll
Event: 0.093 Loaded shared library C:\Users\User\.vscode\extensions\redhat.java-1.43.1-win32-x64\jre\21.0.7-win32-x86_64\bin\instrument.dll
Event: 0.097 Loaded shared library C:\Users\User\.vscode\extensions\redhat.java-1.43.1-win32-x64\jre\21.0.7-win32-x86_64\bin\net.dll
Event: 0.101 Loaded shared library C:\Users\User\.vscode\extensions\redhat.java-1.43.1-win32-x64\jre\21.0.7-win32-x86_64\bin\nio.dll
Event: 0.106 Loaded shared library C:\Users\User\.vscode\extensions\redhat.java-1.43.1-win32-x64\jre\21.0.7-win32-x86_64\bin\zip.dll
Event: 0.130 Loaded shared library C:\Users\User\.vscode\extensions\redhat.java-1.43.1-win32-x64\jre\21.0.7-win32-x86_64\bin\jimage.dll
Event: 0.202 Loaded shared library c:\Users\User\.vscode\extensions\redhat.java-1.43.1-win32-x64\jre\21.0.7-win32-x86_64\bin\verify.dll
Event: 8.034 Loaded shared library C:\Users\User\AppData\Roaming\Code\User\globalStorage\redhat.java\1.43.1\config_win\org.eclipse.equinox.launcher\org.eclipse.equinox.launcher.win32.win32.x86_64_1.2.1300.v20250331-1702\eclipse_11911.dll
Event: 22.384 Loaded shared library C:\Users\User\AppData\Local\Temp\jna-2645995\jna9681151358913891796.dll

Deoptimization events (20 events):
Event: 50.383 Thread 0x0000022504d80410 Uncommon trap: trap_request=0xffffffc6 fr.pc=0x000002252c5307c4 relative=0x00000000000000a4
Event: 50.383 Thread 0x0000022504d80410 Uncommon trap: reason=bimorphic_or_optimized_type_check action=maybe_recompile pc=0x000002252c5307c4 method=java.util.Collections$UnmodifiableMap$UnmodifiableEntrySet$1.hasNext()Z @ 4 c2
Event: 50.383 Thread 0x0000022504d80410 DEOPT PACKING pc=0x000002252c5307c4 sp=0x000000d44a6fe240
Event: 50.383 Thread 0x0000022504d80410 DEOPT UNPACKING pc=0x000002252b663aa2 sp=0x000000d44a6fe1d0 mode 2
Event: 50.383 Thread 0x0000022504d80410 Uncommon trap: trap_request=0xffffffc6 fr.pc=0x000002252c5307c4 relative=0x00000000000000a4
Event: 50.383 Thread 0x0000022504d80410 Uncommon trap: reason=bimorphic_or_optimized_type_check action=maybe_recompile pc=0x000002252c5307c4 method=java.util.Collections$UnmodifiableMap$UnmodifiableEntrySet$1.hasNext()Z @ 4 c2
Event: 50.383 Thread 0x0000022504d80410 DEOPT PACKING pc=0x000002252c5307c4 sp=0x000000d44a6fe240
Event: 50.383 Thread 0x0000022504d80410 DEOPT UNPACKING pc=0x000002252b663aa2 sp=0x000000d44a6fe1d0 mode 2
Event: 51.571 Thread 0x00000225047139a0 Uncommon trap: trap_request=0xffffff45 fr.pc=0x000002252c4fa838 relative=0x0000000000000098
Event: 51.571 Thread 0x00000225047139a0 Uncommon trap: reason=unstable_if action=reinterpret pc=0x000002252c4fa838 method=java.util.Hashtable$Enumerator.nextElement()Ljava/lang/Object; @ 87 c2
Event: 51.571 Thread 0x00000225047139a0 DEOPT PACKING pc=0x000002252c4fa838 sp=0x000000d44e0fee70
Event: 51.571 Thread 0x00000225047139a0 DEOPT UNPACKING pc=0x000002252b663aa2 sp=0x000000d44e0fedf0 mode 2
Event: 51.580 Thread 0x00000225047139a0 Uncommon trap: trap_request=0xffffff45 fr.pc=0x000002252c555a88 relative=0x0000000000000988
Event: 51.580 Thread 0x00000225047139a0 Uncommon trap: reason=unstable_if action=reinterpret pc=0x000002252c555a88 method=lombok.core.configuration.FileSystemSourceCache.parseIfNeccesary(Llombok/core/configuration/ConfigurationFile;Llombok/core/configuration/ConfigurationParser;)Llombok/core/co
Event: 51.580 Thread 0x00000225047139a0 DEOPT PACKING pc=0x000002252c555a88 sp=0x000000d44e0fe990
Event: 51.580 Thread 0x00000225047139a0 DEOPT UNPACKING pc=0x000002252b663aa2 sp=0x000000d44e0fe850 mode 2
Event: 51.580 Thread 0x00000225047139a0 Uncommon trap: trap_request=0xffffff45 fr.pc=0x000002252c547a38 relative=0x0000000000000718
Event: 51.580 Thread 0x00000225047139a0 Uncommon trap: reason=unstable_if action=reinterpret pc=0x000002252c547a38 method=lombok.core.configuration.FileSystemSourceCache.parseIfNeccesary(Llombok/core/configuration/ConfigurationFile;Llombok/core/configuration/ConfigurationParser;)Llombok/core/co
Event: 51.580 Thread 0x00000225047139a0 DEOPT PACKING pc=0x000002252c547a38 sp=0x000000d44e0fe8c0
Event: 51.580 Thread 0x00000225047139a0 DEOPT UNPACKING pc=0x000002252b663aa2 sp=0x000000d44e0fe868 mode 2

Classes loaded (20 events):
Event: 48.044 Loading class java/util/Vector$1
Event: 48.044 Loading class java/util/Vector$1 done
Event: 48.485 Loading class java/util/regex/Pattern$Caret
Event: 48.485 Loading class java/util/regex/Pattern$Caret done
Event: 49.620 Loading class java/util/stream/ReduceOps$4
Event: 49.620 Loading class java/util/stream/ReduceOps$4 done
Event: 49.620 Loading class java/util/stream/ReduceOps$4ReducingSink
Event: 49.620 Loading class java/util/stream/ReduceOps$4ReducingSink done
Event: 49.623 Loading class java/nio/file/Files$2
Event: 49.623 Loading class java/nio/file/Files$2 done
Event: 50.365 Loading class jdk/internal/module/IllegalAccessLogger
Event: 50.365 Loading class jdk/internal/module/IllegalAccessLogger done
Event: 50.385 Loading class java/util/concurrent/ArrayBlockingQueue
Event: 50.386 Loading class java/util/concurrent/ArrayBlockingQueue done
Event: 51.570 Loading class java/util/Hashtable$ValueCollection
Event: 51.571 Loading class java/util/Hashtable$ValueCollection done
Event: 51.581 Loading class java/util/concurrent/ConcurrentHashMap$KeySpliterator
Event: 51.582 Loading class java/util/concurrent/ConcurrentHashMap$KeySpliterator done
Event: 51.589 Loading class sun/nio/ch/ChannelOutputStream
Event: 51.589 Loading class sun/nio/ch/ChannelOutputStream done

Classes unloaded (7 events):
Event: 23.406 Thread 0x0000022537a54120 Unloading class 0x00000225391a4000 'java/lang/invoke/LambdaForm$MH+0x00000225391a4000'
Event: 23.406 Thread 0x0000022537a54120 Unloading class 0x00000225391a3c00 'java/lang/invoke/LambdaForm$MH+0x00000225391a3c00'
Event: 23.406 Thread 0x0000022537a54120 Unloading class 0x00000225391a3800 'java/lang/invoke/LambdaForm$MH+0x00000225391a3800'
Event: 23.406 Thread 0x0000022537a54120 Unloading class 0x00000225391a3400 'java/lang/invoke/LambdaForm$MH+0x00000225391a3400'
Event: 23.406 Thread 0x0000022537a54120 Unloading class 0x00000225391a3000 'java/lang/invoke/LambdaForm$BMH+0x00000225391a3000'
Event: 23.406 Thread 0x0000022537a54120 Unloading class 0x00000225391a2c00 'java/lang/invoke/LambdaForm$DMH+0x00000225391a2c00'
Event: 23.406 Thread 0x0000022537a54120 Unloading class 0x00000225391a1800 'java/lang/invoke/LambdaForm$DMH+0x00000225391a1800'

Classes redefined (0 events):
No events

Internal exceptions (20 events):
Event: 47.589 Thread 0x00000225051913c0 Exception <a 'sun/nio/fs/WindowsException'{0x00000000d5cd8818}> (0x00000000d5cd8818) 
thrown [s\src\hotspot\share\prims\jni.cpp, line 520]
Event: 47.589 Thread 0x00000225051920e0 Exception <a 'sun/nio/fs/WindowsException'{0x00000000d5ce22a8}> (0x00000000d5ce22a8) 
thrown [s\src\hotspot\share\prims\jni.cpp, line 520]
Event: 47.591 Thread 0x0000022504479880 Exception <a 'sun/nio/fs/WindowsException'{0x00000000d5ca6390}> (0x00000000d5ca6390) 
thrown [s\src\hotspot\share\prims\jni.cpp, line 520]
Event: 47.592 Thread 0x0000022505193b20 Exception <a 'sun/nio/fs/WindowsException'{0x00000000d5cec248}> (0x00000000d5cec248) 
thrown [s\src\hotspot\share\prims\jni.cpp, line 520]
Event: 48.992 Thread 0x0000022504d817c0 Exception <a 'sun/nio/fs/WindowsException'{0x00000000d558c648}> (0x00000000d558c648) 
thrown [s\src\hotspot\share\prims\jni.cpp, line 520]
Event: 49.097 Thread 0x0000022504d80410 Exception <a 'java/lang/NoSuchMethodError'{0x00000000d55e1d20}: 'java.lang.Object java.lang.invoke.DirectMethodHandle$Holder.invokeStatic(java.lang.Object, java.lang.Object, int, int)'> (0x00000000d55e1d20) 
thrown [s\src\hotspot\share\interpreter\linkResolver.cpp, line 773]
Event: 49.097 Thread 0x0000022504d80410 Exception <a 'java/lang/NoSuchMethodError'{0x00000000d55e64d8}: 'java.lang.Object java.lang.invoke.DirectMethodHandle$Holder.invokeSpecial(java.lang.Object, java.lang.Object, java.lang.Object, int, int)'> (0x00000000d55e64d8) 
thrown [s\src\hotspot\share\interpreter\linkResolver.cpp, line 773]
Event: 49.115 Thread 0x0000022504d817c0 Exception <a 'sun/nio/fs/WindowsException'{0x00000000d5588258}> (0x00000000d5588258) 
thrown [s\src\hotspot\share\prims\jni.cpp, line 520]
Event: 49.170 Thread 0x0000022504d817c0 Exception <a 'sun/nio/fs/WindowsException'{0x00000000d55fb078}> (0x00000000d55fb078) 
thrown [s\src\hotspot\share\prims\jni.cpp, line 520]
Event: 49.274 Thread 0x0000022504d817c0 Exception <a 'sun/nio/fs/WindowsException'{0x00000000d56b6900}> (0x00000000d56b6900) 
thrown [s\src\hotspot\share\prims\jni.cpp, line 520]
Event: 49.483 Thread 0x0000022504d817c0 Exception <a 'sun/nio/fs/WindowsException'{0x00000000d55c5480}> (0x00000000d55c5480) 
thrown [s\src\hotspot\share\prims\jni.cpp, line 520]
Event: 49.592 Thread 0x0000022504d80410 Implicit null exception at 0x000002252c54cea3 to 0x000002252c54d20c
Event: 49.619 Thread 0x0000022504d80410 Implicit null exception at 0x000002252bf18086 to 0x000002252bf1817c
Event: 49.619 Thread 0x0000022504d80410 Implicit null exception at 0x000002252bf35cda to 0x000002252bf35d61
Event: 49.625 Thread 0x0000022504d80410 Exception <a 'java/lang/NoSuchMethodError'{0x00000000d55fcdb8}: 'int java.lang.invoke.DirectMethodHandle$Holder.invokeSpecialIFC(java.lang.Object, java.lang.Object, java.lang.Object)'> (0x00000000d55fcdb8) 
thrown [s\src\hotspot\share\interpreter\linkResolver.cpp, line 773]
Event: 49.742 Thread 0x0000022504d817c0 Exception <a 'sun/nio/fs/WindowsException'{0x00000000d56b2588}> (0x00000000d56b2588) 
thrown [s\src\hotspot\share\prims\jni.cpp, line 520]
Event: 49.874 Thread 0x0000022504d817c0 Exception <a 'sun/nio/fs/WindowsException'{0x00000000d56e1f28}> (0x00000000d56e1f28) 
thrown [s\src\hotspot\share\prims\jni.cpp, line 520]
Event: 50.124 Thread 0x0000022504d80410 Implicit null exception at 0x000002252c1d1546 to 0x000002252c1d158f
Event: 50.490 Thread 0x00000225047139a0 Exception <a 'java/lang/NoSuchMethodError'{0x00000000d5788298}: 'void java.lang.invoke.DirectMethodHandle$Holder.invokeStatic(java.lang.Object, int, java.lang.Object)'> (0x00000000d5788298) 
thrown [s\src\hotspot\share\interpreter\linkResolver.cpp, line 773]
Event: 51.585 Thread 0x0000022504d80410 Exception <a 'java/lang/NoSuchMethodError'{0x00000000d5772258}: 'java.lang.Object java.lang.invoke.DirectMethodHandle$Holder.newInvokeSpecial(java.lang.Object, java.lang.Object, int, int, java.lang.Object)'> (0x00000000d5772258) 
thrown [s\src\hotspot\share\interpreter\linkResolver.cpp, line 773]

ZGC Phase Switch (0 events):
No events

VM Operations (20 events):
Event: 50.414 Executing VM operation: HandshakeAllThreads (Deoptimize) done
Event: 50.415 Executing VM operation: ParallelGCFailedAllocation (Allocation Failure)
Event: 50.418 Executing VM operation: ParallelGCFailedAllocation (Allocation Failure) done
Event: 50.453 Executing VM operation: ParallelGCFailedAllocation (Allocation Failure)
Event: 50.457 Executing VM operation: ParallelGCFailedAllocation (Allocation Failure) done
Event: 50.492 Executing VM operation: ParallelGCFailedAllocation (Allocation Failure)
Event: 50.498 Executing VM operation: ParallelGCFailedAllocation (Allocation Failure) done
Event: 50.518 Executing VM operation: ParallelGCFailedAllocation (Allocation Failure)
Event: 50.522 Executing VM operation: ParallelGCFailedAllocation (Allocation Failure) done
Event: 50.538 Executing VM operation: ParallelGCFailedAllocation (Allocation Failure)
Event: 51.562 Executing VM operation: ParallelGCFailedAllocation (Allocation Failure) done
Event: 51.587 Executing VM operation: HandshakeAllThreads (Deoptimize)
Event: 51.604 Executing VM operation: HandshakeAllThreads (Deoptimize) done
Event: 51.613 Executing VM operation: ParallelGCFailedAllocation (Allocation Failure)
Event: 51.623 Executing VM operation: ParallelGCFailedAllocation (Allocation Failure) done
Event: 51.643 Executing VM operation: ParallelGCFailedAllocation (Allocation Failure)
Event: 52.647 Executing VM operation: ParallelGCFailedAllocation (Allocation Failure) done
Event: 52.913 Executing VM operation: ParallelGCFailedAllocation (Allocation Failure)
Event: 52.915 Executing VM operation: ParallelGCFailedAllocation (Allocation Failure) done
Event: 52.925 Executing VM operation: ParallelGCFailedAllocation (Allocation Failure)

Memory protections (0 events):
No events

Nmethod flushes (20 events):
Event: 25.900 Thread 0x0000022537a54120 flushing  nmethod 0x000002252489bb90
Event: 25.900 Thread 0x0000022537a54120 flushing  nmethod 0x00000225248a5190
Event: 25.900 Thread 0x0000022537a54120 flushing  nmethod 0x00000225248e1d90
Event: 25.900 Thread 0x0000022537a54120 flushing  nmethod 0x00000225248e3210
Event: 25.900 Thread 0x0000022537a54120 flushing  nmethod 0x00000225248e3b10
Event: 25.900 Thread 0x0000022537a54120 flushing  nmethod 0x00000225248e5510
Event: 25.900 Thread 0x0000022537a54120 flushing  nmethod 0x00000225248e7610
Event: 25.900 Thread 0x0000022537a54120 flushing  nmethod 0x00000225248e7b10
Event: 25.900 Thread 0x0000022537a54120 flushing  nmethod 0x00000225248ea190
Event: 25.900 Thread 0x0000022537a54120 flushing  nmethod 0x00000225248eb290
Event: 25.900 Thread 0x0000022537a54120 flushing  nmethod 0x00000225248eb590
Event: 25.900 Thread 0x0000022537a54120 flushing  nmethod 0x0000022524956490
Event: 25.900 Thread 0x0000022537a54120 flushing  nmethod 0x000002252495c810
Event: 25.900 Thread 0x0000022537a54120 flushing  nmethod 0x0000022524963310
Event: 25.900 Thread 0x0000022537a54120 flushing  nmethod 0x00000225249b3d90
Event: 25.900 Thread 0x0000022537a54120 flushing  nmethod 0x00000225249ded10
Event: 25.900 Thread 0x0000022537a54120 flushing  nmethod 0x00000225249eb390
Event: 25.900 Thread 0x0000022537a54120 flushing  nmethod 0x0000022524a0f510
Event: 25.900 Thread 0x0000022537a54120 flushing  nmethod 0x0000022524a27590
Event: 25.900 Thread 0x0000022537a54120 flushing  nmethod 0x0000022524a27a10

Events (20 events):
Event: 47.636 Thread 0x0000022504d80410 Thread added: 0x0000022505197630
Event: 47.636 Thread 0x0000022504d80410 Thread added: 0x00000225047153e0
Event: 47.637 Thread 0x0000022504d80410 Thread added: 0x0000022504713310
Event: 47.637 Thread 0x0000022505194840 Thread added: 0x0000022504716790
Event: 47.637 Thread 0x0000022505195560 Thread added: 0x0000022504715a70
Event: 47.637 Thread 0x0000022505195bf0 Thread added: 0x0000022504714030
Event: 47.638 Thread 0x0000022505198350 Thread added: 0x0000022504716100
Event: 47.638 Thread 0x0000022505196910 Thread added: 0x0000022504716e20
Event: 47.771 Thread 0x0000022579e894e0 Thread added: 0x0000022506ece040
Event: 48.840 Thread 0x0000022579e894e0 Thread added: 0x0000022507b55500
Event: 48.841 Thread 0x0000022507b55500 Thread added: 0x0000022506a0a250
Event: 48.891 Thread 0x0000022506a0a250 Thread added: 0x0000022504362580
Event: 50.386 Thread 0x0000022504d80410 Thread added: 0x00000225047139a0
Event: 51.569 Thread 0x0000022504362580 Thread exited: 0x0000022504362580
Event: 51.569 Thread 0x0000022506a0a250 Thread exited: 0x0000022506a0a250
Event: 51.586 Thread 0x0000022504d80410 Thread added: 0x0000022504717b40
Event: 51.605 Thread 0x0000022507b55500 Thread added: 0x0000022518ff9570
Event: 52.648 Thread 0x0000022518ff9570 Thread added: 0x0000022506a0a250
Event: 52.650 Thread 0x0000022518ff9570 Thread added: 0x0000022508851fd0
Event: 52.905 Thread 0x0000022507b55500 Thread exited: 0x0000022507b55500


Dynamic libraries:
0x00007ff610d20000 - 0x00007ff610d2e000 	c:\Users\User\.vscode\extensions\redhat.java-1.43.1-win32-x64\jre\21.0.7-win32-x86_64\bin\java.exe
0x00007ff981080000 - 0x00007ff9812e5000 	C:\WINDOWS\SYSTEM32\ntdll.dll
0x00007ff9804e0000 - 0x00007ff9805a9000 	C:\WINDOWS\System32\KERNEL32.DLL
0x00007ff97e240000 - 0x00007ff97e628000 	C:\WINDOWS\System32\KERNELBASE.dll
0x00007ff97eb20000 - 0x00007ff97ec6b000 	C:\WINDOWS\System32\ucrtbase.dll
0x00007ff966c00000 - 0x00007ff966c1e000 	c:\Users\User\.vscode\extensions\redhat.java-1.43.1-win32-x64\jre\21.0.7-win32-x86_64\bin\VCRUNTIME140.dll
0x00007ff961930000 - 0x00007ff961948000 	c:\Users\User\.vscode\extensions\redhat.java-1.43.1-win32-x64\jre\21.0.7-win32-x86_64\bin\jli.dll
0x00007ff97edf0000 - 0x00007ff97efba000 	C:\WINDOWS\System32\USER32.dll
0x00007ff9646c0000 - 0x00007ff96495a000 	C:\WINDOWS\WinSxS\amd64_microsoft.windows.common-controls_6595b64144ccf1df_6.0.26100.4202_none_3e0698d4e335f517\COMCTL32.dll
0x00007ff97eaf0000 - 0x00007ff97eb17000 	C:\WINDOWS\System32\win32u.dll
0x00007ff980c20000 - 0x00007ff980cc9000 	C:\WINDOWS\System32\msvcrt.dll
0x00007ff980fd0000 - 0x00007ff980ffb000 	C:\WINDOWS\System32\GDI32.dll
0x00007ff97e860000 - 0x00007ff97e997000 	C:\WINDOWS\System32\gdi32full.dll
0x00007ff97e630000 - 0x00007ff97e6d3000 	C:\WINDOWS\System32\msvcp_win.dll
0x00007ff980b80000 - 0x00007ff980bb0000 	C:\WINDOWS\System32\IMM32.DLL
0x00007ff96cb30000 - 0x00007ff96cb3c000 	c:\Users\User\.vscode\extensions\redhat.java-1.43.1-win32-x64\jre\21.0.7-win32-x86_64\bin\vcruntime140_1.dll
0x00007ff93b980000 - 0x00007ff93ba0d000 	c:\Users\User\.vscode\extensions\redhat.java-1.43.1-win32-x64\jre\21.0.7-win32-x86_64\bin\msvcp140.dll
0x00007ff8c00a0000 - 0x00007ff8c0e30000 	c:\Users\User\.vscode\extensions\redhat.java-1.43.1-win32-x64\jre\21.0.7-win32-x86_64\bin\server\jvm.dll
0x00007ff97fe10000 - 0x00007ff97fec3000 	C:\WINDOWS\System32\ADVAPI32.dll
0x00007ff980f20000 - 0x00007ff980fc6000 	C:\WINDOWS\System32\sechost.dll
0x00007ff980d50000 - 0x00007ff980e65000 	C:\WINDOWS\System32\RPCRT4.dll
0x00007ff980460000 - 0x00007ff9804d4000 	C:\WINDOWS\System32\WS2_32.dll
0x00007ff972950000 - 0x00007ff972985000 	C:\WINDOWS\SYSTEM32\WINMM.dll
0x00007ff97cd80000 - 0x00007ff97cdde000 	C:\WINDOWS\SYSTEM32\POWRPROF.dll
0x00007ff975aa0000 - 0x00007ff975aab000 	C:\WINDOWS\SYSTEM32\VERSION.dll
0x00007ff97cd60000 - 0x00007ff97cd74000 	C:\WINDOWS\SYSTEM32\UMPDC.dll
0x00007ff97d040000 - 0x00007ff97d05b000 	C:\WINDOWS\SYSTEM32\kernel.appcore.dll
0x00007ff968920000 - 0x00007ff96892a000 	c:\Users\User\.vscode\extensions\redhat.java-1.43.1-win32-x64\jre\21.0.7-win32-x86_64\bin\jimage.dll
0x00007ff97c250000 - 0x00007ff97c491000 	C:\WINDOWS\SYSTEM32\DBGHELP.DLL
0x00007ff97efc0000 - 0x00007ff97f345000 	C:\WINDOWS\System32\combase.dll
0x00007ff9807b0000 - 0x00007ff980891000 	C:\WINDOWS\System32\OLEAUT32.dll
0x00007ff962eb0000 - 0x00007ff962ee9000 	C:\WINDOWS\SYSTEM32\dbgcore.DLL
0x00007ff97e1a0000 - 0x00007ff97e239000 	C:\WINDOWS\System32\bcryptPrimitives.dll
0x00007ff966b90000 - 0x00007ff966b9f000 	c:\Users\User\.vscode\extensions\redhat.java-1.43.1-win32-x64\jre\21.0.7-win32-x86_64\bin\instrument.dll
0x00007ff95de20000 - 0x00007ff95de3f000 	c:\Users\User\.vscode\extensions\redhat.java-1.43.1-win32-x64\jre\21.0.7-win32-x86_64\bin\java.dll
0x00007ff97f3b0000 - 0x00007ff97faf2000 	C:\WINDOWS\System32\SHELL32.dll
0x00007ff97e6e0000 - 0x00007ff97e854000 	C:\WINDOWS\System32\wintypes.dll
0x00007ff97b910000 - 0x00007ff97c168000 	C:\WINDOWS\SYSTEM32\windows.storage.dll
0x00007ff9808a0000 - 0x00007ff980991000 	C:\WINDOWS\System32\SHCORE.dll
0x00007ff97fb30000 - 0x00007ff97fb9a000 	C:\WINDOWS\System32\shlwapi.dll
0x00007ff97e0b0000 - 0x00007ff97e0df000 	C:\WINDOWS\SYSTEM32\profapi.dll
0x00007ff95c540000 - 0x00007ff95c558000 	c:\Users\User\.vscode\extensions\redhat.java-1.43.1-win32-x64\jre\21.0.7-win32-x86_64\bin\zip.dll
0x00007ff966b40000 - 0x00007ff966b50000 	C:\Users\User\.vscode\extensions\redhat.java-1.43.1-win32-x64\jre\21.0.7-win32-x86_64\bin\net.dll
0x00007ff977750000 - 0x00007ff97786e000 	C:\WINDOWS\SYSTEM32\WINHTTP.dll
0x00007ff97d590000 - 0x00007ff97d5fa000 	C:\WINDOWS\system32\mswsock.dll
0x00007ff95ace0000 - 0x00007ff95acf6000 	C:\Users\User\.vscode\extensions\redhat.java-1.43.1-win32-x64\jre\21.0.7-win32-x86_64\bin\nio.dll
0x00007ff966a10000 - 0x00007ff966a20000 	c:\Users\User\.vscode\extensions\redhat.java-1.43.1-win32-x64\jre\21.0.7-win32-x86_64\bin\verify.dll
0x00007ff95c6b0000 - 0x00007ff95c6f5000 	C:\Users\User\AppData\Roaming\Code\User\globalStorage\redhat.java\1.43.1\config_win\org.eclipse.equinox.launcher\org.eclipse.equinox.launcher.win32.win32.x86_64_1.2.1300.v20250331-1702\eclipse_11911.dll
0x00007ff97fc60000 - 0x00007ff97fdfe000 	C:\WINDOWS\System32\ole32.dll
0x00007ff97d970000 - 0x00007ff97d98b000 	C:\WINDOWS\SYSTEM32\CRYPTSP.dll
0x00007ff97cfa0000 - 0x00007ff97cfda000 	C:\WINDOWS\system32\rsaenh.dll
0x00007ff97d630000 - 0x00007ff97d65b000 	C:\WINDOWS\SYSTEM32\USERENV.dll
0x00007ff97e080000 - 0x00007ff97e0a6000 	C:\WINDOWS\SYSTEM32\bcrypt.dll
0x00007ff97d7d0000 - 0x00007ff97d7dc000 	C:\WINDOWS\SYSTEM32\CRYPTBASE.dll
0x00007ff97ca10000 - 0x00007ff97ca43000 	C:\WINDOWS\SYSTEM32\IPHLPAPI.DLL
0x00007ff981000000 - 0x00007ff98100a000 	C:\WINDOWS\System32\NSI.dll
0x00007ff95c790000 - 0x00007ff95c7d9000 	C:\Users\User\AppData\Local\Temp\jna-2645995\jna9681151358913891796.dll
0x00007ff9805b0000 - 0x00007ff9805b8000 	C:\WINDOWS\System32\PSAPI.DLL
0x00007ff977a60000 - 0x00007ff977a7f000 	C:\WINDOWS\SYSTEM32\dhcpcsvc6.DLL
0x00007ff977a30000 - 0x00007ff977a55000 	C:\WINDOWS\SYSTEM32\dhcpcsvc.DLL

dbghelp: loaded successfully - version: 4.0.5 - missing functions: none
symbol engine: initialized successfully - sym options: 0x614 - pdb path: .;c:\Users\User\.vscode\extensions\redhat.java-1.43.1-win32-x64\jre\21.0.7-win32-x86_64\bin;C:\WINDOWS\SYSTEM32;C:\WINDOWS\WinSxS\amd64_microsoft.windows.common-controls_6595b64144ccf1df_6.0.26100.4202_none_3e0698d4e335f517;c:\Users\User\.vscode\extensions\redhat.java-1.43.1-win32-x64\jre\21.0.7-win32-x86_64\bin\server;C:\Users\User\AppData\Roaming\Code\User\globalStorage\redhat.java\1.43.1\config_win\org.eclipse.equinox.launcher\org.eclipse.equinox.launcher.win32.win32.x86_64_1.2.1300.v20250331-1702;C:\Users\User\AppData\Local\Temp\jna-2645995

VM Arguments:
jvm_args: --add-modules=ALL-SYSTEM --add-opens=java.base/java.util=ALL-UNNAMED --add-opens=java.base/java.lang=ALL-UNNAMED --add-opens=java.base/sun.nio.fs=ALL-UNNAMED -Declipse.application=org.eclipse.jdt.ls.core.id1 -Dosgi.bundles.defaultStartLevel=4 -Declipse.product=org.eclipse.jdt.ls.core.product -Djava.import.generatesMetadataFilesAtProjectRoot=false -DDetectVMInstallationsJob.disabled=true -Dfile.encoding=utf8 -XX:+UseParallelGC -XX:GCTimeRatio=4 -XX:AdaptiveSizePolicyWeight=90 -Dsun.zip.disableMemoryMapping=true -Xmx2G -Xms100m -Xlog:disable -javaagent:c:\Users\User\.vscode\extensions\redhat.java-1.43.1-win32-x64\lombok\lombok-1.18.39-4050.jar -XX:+HeapDumpOnOutOfMemoryError -XX:HeapDumpPath=c:\Users\User\AppData\Roaming\Code\User\workspaceStorage\ac3c92df0c1896fe47b3fd492016f406\redhat.java -Daether.dependencyCollector.impl=bf 
java_command: c:\Users\User\.vscode\extensions\redhat.java-1.43.1-win32-x64\server\plugins\org.eclipse.equinox.launcher_1.7.0.v20250519-0528.jar -configuration c:\Users\User\AppData\Roaming\Code\User\globalStorage\redhat.java\1.43.1\config_win -data c:\Users\User\AppData\Roaming\Code\User\workspaceStorage\ac3c92df0c1896fe47b3fd492016f406\redhat.java\jdt_ws --pipe=\\.\pipe\lsp-d2d3082e86b132542d438c3f33299943-sock
java_class_path (initial): c:\Users\User\.vscode\extensions\redhat.java-1.43.1-win32-x64\server\plugins\org.eclipse.equinox.launcher_1.7.0.v20250519-0528.jar
Launcher Type: SUN_STANDARD

[Global flags]
    uintx AdaptiveSizePolicyWeight                 = 90                                        {product} {command line}
     intx CICompilerCount                          = 12                                        {product} {ergonomic}
    uintx GCTimeRatio                              = 4                                         {product} {command line}
     bool HeapDumpOnOutOfMemoryError               = true                                   {manageable} {command line}
    ccstr HeapDumpPath                             = c:\Users\User\AppData\Roaming\Code\User\workspaceStorage\ac3c92df0c1896fe47b3fd492016f406\redhat.java         {manageable} {command line}
   size_t InitialHeapSize                          = 104857600                                 {product} {command line}
   size_t MaxHeapSize                              = 2147483648                                {product} {command line}
   size_t MaxNewSize                               = 715653120                                 {product} {ergonomic}
   size_t MinHeapDeltaBytes                        = 524288                                    {product} {ergonomic}
   size_t MinHeapSize                              = 104857600                                 {product} {command line}
   size_t NewSize                                  = 34603008                                  {product} {ergonomic}
    uintx NonNMethodCodeHeapSize                   = 7602480                                {pd product} {ergonomic}
    uintx NonProfiledCodeHeapSize                  = 122027880                              {pd product} {ergonomic}
   size_t OldSize                                  = 70254592                                  {product} {ergonomic}
    uintx ProfiledCodeHeapSize                     = 122027880                              {pd product} {ergonomic}
    uintx ReservedCodeCacheSize                    = 251658240                              {pd product} {ergonomic}
     bool SegmentedCodeCache                       = true                                      {product} {ergonomic}
   size_t SoftMaxHeapSize                          = 2147483648                             {manageable} {ergonomic}
     bool UseCompressedOops                        = true                           {product lp64_product} {ergonomic}
     bool UseLargePagesIndividualAllocation        = false                                  {pd product} {ergonomic}
     bool UseParallelGC                            = true                                      {product} {command line}

Logging:
Log output configuration:
 #0: stdout all=off uptime,level,tags foldmultilines=false
 #1: stderr all=off uptime,level,tags foldmultilines=false

Environment Variables:
JAVA_HOME=C:\Program Files\Zulu\zulu-17
PATH=C:\Program Files\Zulu\zulu-17\bin;C:\Program Files\Common Files\Oracle\Java\javapath;C:\Program Files (x86)\Common Files\Oracle\Java\javapath;C:\WINDOWS\system32;C:\WINDOWS;C:\WINDOWS\System32\Wbem;C:\WINDOWS\System32\WindowsPowerShell\v1.0\;C:\WINDOWS\System32\OpenSSH\;C:\Program Files (x86)\NVIDIA Corporation\PhysX\Common;C:\Program Files\NVIDIA Corporation\NVIDIA NvDLISR;D:\flutter_windows_3.16.3-stable\flutter\bin;C:\Users\User\Downloads\winlibs-x86_64-posix-seh-gcc-13.2.0-llvm-17.0.5-mingw-w64ucrt-11.0.1-r3\mingw64\bin;C:\php-8.3.6;C:\ProgramData\chocolatey\bin;C:\Program Files (x86)\Java\jre1.8.0_251\bin;C:\Program Files\Git\cmd;C:\Program Files\dotnet\;C:\Program Files\Java\jdk-23\bin;C:\xampp\mysql\bin;C:\Program Files\MongoDB\Server\8.0\bin;C:\Program Files\OpenSSL-Win64\bin;C:\Program Files\nodejs\;C:\Users\User\miniconda3;C:\Users\User\miniconda3\Scripts;C:\Users\User\Desktop\apache-maven-3.9.9-bin\apache-maven-3.9.9\bin;C:\Program Files\OpenLogic\jdk-11.0.27.6-hotspot\bin;C:\Program Files\PostgreSQL\17\bin;C:\Users\User\AppData\Local\Microsoft\WindowsApps;C:\Users\User\AppData\Local\Programs\Microsoft VS Code\bin;C:\Users\User\AppData\Local\Coursier\data\bin;C:\Users\User\AppData\Local\GitHubDesktop\bin;D:\IntelliJ IDEA 2024.3\bin;;C:\Users\User\AppData\Roaming\npm;C:\Users\User\AppData\Local\Microsoft\WindowsApps;E:\flutter_pub_cache;
USERNAME=User
OS=Windows_NT
PROCESSOR_IDENTIFIER=Intel64 Family 6 Model 154 Stepping 3, GenuineIntel
TMP=C:\Users\User\AppData\Local\Temp
TEMP=C:\Users\User\AppData\Local\Temp




Periodic native trim disabled

---------------  S Y S T E M  ---------------

OS:
 Windows 11 , 64 bit Build 26100 (10.0.26100.4202)
OS uptime: 0 days 6:01 hours
Hyper-V role detected

CPU: total 16 (initial active 16) (8 cores per cpu, 2 threads per core) family 6 model 154 stepping 3 microcode 0x41c, cx8, cmov, fxsr, ht, mmx, 3dnowpref, sse, sse2, sse3, ssse3, sse4.1, sse4.2, popcnt, lzcnt, tsc, tscinvbit, avx, avx2, aes, erms, clmul, bmi1, bmi2, adx, sha, fma, vzeroupper, clflush, clflushopt, clwb, hv, serialize, rdtscp, rdpid, fsrm, f16c, cet_ibt, cet_ss
Processor Information for processor 0
  Max Mhz: 2300, Current Mhz: 2300, Mhz Limit: 2300
Processor Information for processor 1
  Max Mhz: 2300, Current Mhz: 1506, Mhz Limit: 2300
Processor Information for processor 2
  Max Mhz: 2300, Current Mhz: 2300, Mhz Limit: 2300
Processor Information for processor 3
  Max Mhz: 2300, Current Mhz: 2300, Mhz Limit: 2300
Processor Information for processor 4
  Max Mhz: 2300, Current Mhz: 2300, Mhz Limit: 2300
Processor Information for processor 5
  Max Mhz: 2300, Current Mhz: 2300, Mhz Limit: 2300
Processor Information for processor 6
  Max Mhz: 2300, Current Mhz: 2300, Mhz Limit: 2300
Processor Information for processor 7
  Max Mhz: 2300, Current Mhz: 2300, Mhz Limit: 2300
Processor Information for processor 8
  Max Mhz: 2300, Current Mhz: 2300, Mhz Limit: 2300
Processor Information for processor 9
  Max Mhz: 2300, Current Mhz: 2300, Mhz Limit: 2300
Processor Information for processor 10
  Max Mhz: 2300, Current Mhz: 2300, Mhz Limit: 2300
Processor Information for processor 11
  Max Mhz: 2300, Current Mhz: 2300, Mhz Limit: 2300
Processor Information for processor 12
  Max Mhz: 2300, Current Mhz: 1700, Mhz Limit: 1679
Processor Information for processor 13
  Max Mhz: 2300, Current Mhz: 1700, Mhz Limit: 1679
Processor Information for processor 14
  Max Mhz: 2300, Current Mhz: 1700, Mhz Limit: 1679
Processor Information for processor 15
  Max Mhz: 2300, Current Mhz: 1700, Mhz Limit: 1679

Memory: 4k page, system-wide physical 16006M (1223M free)
TotalPageFile size 24198M (AvailPageFile size 10M)
current process WorkingSet (physical memory assigned to process): 1000M, peak: 1017M
current process commit charge ("private bytes"): 977M, peak: 995M

vm_info: OpenJDK 64-Bit Server VM (21.0.7+6-LTS) for windows-amd64 JRE (21.0.7+6-LTS), built on 2025-04-15T00:00:00Z by "admin" with MS VC++ 17.7 (VS2022)

END.
